<?xml version="1.0" encoding="UTF-8"?>
<testsuites name="Mocha Tests" time="0.001" tests="4" failures="1">
  <testsuite name="Root Suite" timestamp="2019-05-13T21:31:34" tests="4" failures="1" time="0.001">
    <testcase name="Main page content" time="0.001" classname="Main page content">
    </testcase>
    <testcase name="Main page status" time="0" classname="Main page status">
    </testcase>
    <testcase name="About page content" time="0" classname="About page content">
    </testcase>
    <testcase name="kkkMain page status" time="0" classname="kkkMain page status">
      <failure message="Cannot read property &apos;statusCode&apos; of undefined" type="TypeError"><![CDATA[TypeError: Cannot read property 'statusCode' of undefined
    at Request._callback (test\test-pages.js:17:25)
    at self.callback (node_modules\request\request.js:185:22)
    at Request.onRequestError (node_modules\request\request.js:881:8)
    at Socket.socketErrorListener (_http_client.js:399:9)
    at emitErrorNT (internal/streams/destroy.js:82:8)
    at emitErrorAndCloseNT (internal/streams/destroy.js:50:3)
    at process.internalTickCallback (internal/process/next_tick.js:72:19)]]></failure>
    </testcase>
  </testsuite>
</testsuites>